127.0.0.1 - - [05/Apr/2017:00:10:44 +0900] "GET / HTTP/1.1" 404 1070
192.168.0.1 - - [05/Apr/2017:00:10:45 +0900] "POST /light_web/insertEvent.do HTTP/1.1" 200 -
192.168.0.1 - - [05/Apr/2017:00:11:02 +0900] "POST /light_web/insertMenu.do HTTP/1.1" 200 -
127.0.0.1 - - [05/Apr/2017:00:11:51 +0900] "GET / HTTP/1.1" 404 1070
192.168.0.1 - - [05/Apr/2017:00:11:53 +0900] "POST /light_web/insertMenu.do HTTP/1.1" 200 -
192.168.0.1 - - [05/Apr/2017:00:13:08 +0900] "POST /light_web/insertMenu.do HTTP/1.1" 200 -
127.0.0.1 - - [05/Apr/2017:00:27:34 +0900] "GET / HTTP/1.1" 404 1070
192.168.0.1 - - [05/Apr/2017:00:29:20 +0900] "POST /light_web/insertMember.do HTTP/1.1" 200 -
127.0.0.1 - - [05/Apr/2017:00:30:07 +0900] "GET / HTTP/1.1" 404 1070
192.168.0.1 - - [05/Apr/2017:00:30:16 +0900] "POST /light_web/insertMember.do HTTP/1.1" 200 -
192.168.0.1 - - [05/Apr/2017:00:31:40 +0900] "POST /light_web/insertMember.do HTTP/1.1" 200 -
192.168.0.1 - - [05/Apr/2017:00:32:43 +0900] "POST /light_web/insertMember.do HTTP/1.1" 200 -
192.168.0.1 - - [05/Apr/2017:00:43:59 +0900] "POST /light_web/selectRestaurant.do HTTP/1.1" 200 348
192.168.0.1 - - [05/Apr/2017:00:43:59 +0900] "GET /light_web/restaurant/food.jpg HTTP/1.1" 200 240831
192.168.0.1 - - [05/Apr/2017:00:43:59 +0900] "POST /light_web/selectMenu.do HTTP/1.1" 200 852
192.168.0.1 - - [05/Apr/2017:00:43:59 +0900] "POST /light_web/selectReview.do HTTP/1.1" 200 2606
192.168.0.1 - - [05/Apr/2017:00:43:59 +0900] "GET /light_web/menu/1.jpg HTTP/1.1" 200 995000
192.168.0.1 - - [05/Apr/2017:00:43:59 +0900] "POST /light_web/selectEvent.do HTTP/1.1" 200 1131
192.168.0.1 - - [05/Apr/2017:00:44:00 +0900] "GET /light_web/menu/2.jpg HTTP/1.1" 200 49805
192.168.0.1 - - [05/Apr/2017:00:44:00 +0900] "GET /light_web/menu/3.jpg HTTP/1.1" 200 52675
192.168.0.1 - - [05/Apr/2017:00:44:00 +0900] "GET /light_web/menu/1123.jpg HTTP/1.1" 404 1093
192.168.0.1 - - [05/Apr/2017:00:44:00 +0900] "GET /light_web/member/12.jpg HTTP/1.1" 200 44350
192.168.0.1 - - [05/Apr/2017:00:44:00 +0900] "GET /light_web/review/2.jpg HTTP/1.1" 200 224677
192.168.0.1 - - [05/Apr/2017:00:44:00 +0900] "GET /light_web/member/13.jpg HTTP/1.1" 200 37046
192.168.0.1 - - [05/Apr/2017:00:44:00 +0900] "GET /light_web/review/1.jpg HTTP/1.1" 200 179340
192.168.0.1 - - [05/Apr/2017:00:44:00 +0900] "GET /light_web/member/14.jpg HTTP/1.1" 200 129540
192.168.0.1 - - [05/Apr/2017:00:44:00 +0900] "GET /light_web/member/14.jpg HTTP/1.1" 200 129540
192.168.0.1 - - [05/Apr/2017:00:44:00 +0900] "GET /light_web/member/14.jpg HTTP/1.1" 200 129540
192.168.0.1 - - [05/Apr/2017:00:44:00 +0900] "GET /light_web/review/1123.jpg HTTP/1.1" 404 1095
192.168.0.1 - - [05/Apr/2017:00:44:00 +0900] "GET /light_web/member/14.jpg HTTP/1.1" 200 129540
192.168.0.2 - - [05/Apr/2017:00:44:00 +0900] "GET /light_web/review/1123.jpg HTTP/1.1" 404 1095
192.168.0.1 - - [05/Apr/2017:00:44:00 +0900] "GET /light_web/member/14.jpg HTTP/1.1" 200 129540
192.168.0.2 - - [05/Apr/2017:00:44:00 +0900] "GET /light_web/review/1123.jpg HTTP/1.1" 404 1095
192.168.0.1 - - [05/Apr/2017:00:44:00 +0900] "GET /light_web/member/14.jpg HTTP/1.1" 200 129540
192.168.0.2 - - [05/Apr/2017:00:44:00 +0900] "GET /light_web/review/1123.jpg HTTP/1.1" 404 1095
192.168.0.1 - - [05/Apr/2017:00:44:01 +0900] "GET /light_web/member/14.jpg HTTP/1.1" 200 129540
192.168.0.2 - - [05/Apr/2017:00:44:01 +0900] "GET /light_web/review/1123.jpg HTTP/1.1" 404 1095
192.168.0.1 - - [05/Apr/2017:00:44:01 +0900] "GET /light_web/event/1.jpg HTTP/1.1" 200 995000
192.168.0.1 - - [05/Apr/2017:00:44:01 +0900] "GET /light_web/event/2.jpg HTTP/1.1" 200 49805
192.168.0.1 - - [05/Apr/2017:00:44:01 +0900] "GET /light_web/event/3.jpg HTTP/1.1" 200 52675
192.168.0.1 - - [05/Apr/2017:00:44:01 +0900] "GET /light_web/event/1123.jpg HTTP/1.1" 404 1094
192.168.0.1 - - [05/Apr/2017:00:44:16 +0900] "POST /light_web/selectRestaurant.do HTTP/1.1" 200 348
192.168.0.1 - - [05/Apr/2017:00:44:16 +0900] "GET /light_web/restaurant/food.jpg HTTP/1.1" 200 240831
192.168.0.1 - - [05/Apr/2017:00:44:16 +0900] "POST /light_web/selectMenu.do HTTP/1.1" 200 852
192.168.0.1 - - [05/Apr/2017:00:44:16 +0900] "POST /light_web/selectReview.do HTTP/1.1" 200 2606
192.168.0.1 - - [05/Apr/2017:00:44:16 +0900] "GET /light_web/menu/1.jpg HTTP/1.1" 200 995000
192.168.0.1 - - [05/Apr/2017:00:44:16 +0900] "POST /light_web/selectEvent.do HTTP/1.1" 200 1131
192.168.0.1 - - [05/Apr/2017:00:44:16 +0900] "GET /light_web/menu/2.jpg HTTP/1.1" 200 49805
192.168.0.1 - - [05/Apr/2017:00:44:16 +0900] "GET /light_web/menu/3.jpg HTTP/1.1" 200 52675
192.168.0.1 - - [05/Apr/2017:00:44:16 +0900] "GET /light_web/menu/1123.jpg HTTP/1.1" 404 1093
192.168.0.1 - - [05/Apr/2017:00:44:16 +0900] "GET /light_web/member/12.jpg HTTP/1.1" 200 44350
192.168.0.1 - - [05/Apr/2017:00:44:16 +0900] "GET /light_web/review/2.jpg HTTP/1.1" 200 224677
192.168.0.1 - - [05/Apr/2017:00:44:16 +0900] "GET /light_web/member/13.jpg HTTP/1.1" 200 37046
192.168.0.1 - - [05/Apr/2017:00:44:17 +0900] "GET /light_web/review/1.jpg HTTP/1.1" 200 179340
192.168.0.1 - - [05/Apr/2017:00:44:17 +0900] "GET /light_web/member/14.jpg HTTP/1.1" 200 129540
192.168.0.1 - - [05/Apr/2017:00:44:17 +0900] "GET /light_web/member/14.jpg HTTP/1.1" 200 129540
192.168.0.1 - - [05/Apr/2017:00:44:17 +0900] "GET /light_web/member/14.jpg HTTP/1.1" 200 129540
192.168.0.1 - - [05/Apr/2017:00:44:17 +0900] "GET /light_web/review/1123.jpg HTTP/1.1" 404 1095
192.168.0.1 - - [05/Apr/2017:00:44:17 +0900] "GET /light_web/member/14.jpg HTTP/1.1" 200 129540
192.168.0.2 - - [05/Apr/2017:00:44:17 +0900] "GET /light_web/review/1123.jpg HTTP/1.1" 404 1095
192.168.0.1 - - [05/Apr/2017:00:44:17 +0900] "GET /light_web/member/14.jpg HTTP/1.1" 200 129540
192.168.0.2 - - [05/Apr/2017:00:44:17 +0900] "GET /light_web/review/1123.jpg HTTP/1.1" 404 1095
192.168.0.1 - - [05/Apr/2017:00:44:17 +0900] "GET /light_web/member/14.jpg HTTP/1.1" 200 129540
192.168.0.2 - - [05/Apr/2017:00:44:17 +0900] "GET /light_web/review/1123.jpg HTTP/1.1" 404 1095
192.168.0.1 - - [05/Apr/2017:00:44:17 +0900] "GET /light_web/member/14.jpg HTTP/1.1" 200 129540
192.168.0.2 - - [05/Apr/2017:00:44:17 +0900] "GET /light_web/review/1123.jpg HTTP/1.1" 404 1095
192.168.0.1 - - [05/Apr/2017:00:44:17 +0900] "GET /light_web/event/1.jpg HTTP/1.1" 200 995000
192.168.0.1 - - [05/Apr/2017:00:44:18 +0900] "GET /light_web/event/2.jpg HTTP/1.1" 200 49805
192.168.0.1 - - [05/Apr/2017:00:44:18 +0900] "GET /light_web/event/3.jpg HTTP/1.1" 200 52675
192.168.0.1 - - [05/Apr/2017:00:44:18 +0900] "GET /light_web/event/1123.jpg HTTP/1.1" 404 1094
192.168.0.1 - - [05/Apr/2017:00:44:19 +0900] "POST /light_web/insertReview.do HTTP/1.1" 200 -
127.0.0.1 - - [05/Apr/2017:00:46:16 +0900] "GET / HTTP/1.1" 404 1070
192.168.0.1 - - [05/Apr/2017:00:46:33 +0900] "POST /light_web/selectRestaurant.do HTTP/1.1" 200 348
192.168.0.1 - - [05/Apr/2017:00:46:33 +0900] "GET /light_web/restaurant/food.jpg HTTP/1.1" 200 240831
192.168.0.1 - - [05/Apr/2017:00:46:33 +0900] "POST /light_web/selectMenu.do HTTP/1.1" 200 852
192.168.0.1 - - [05/Apr/2017:00:46:33 +0900] "GET /light_web/menu/1.jpg HTTP/1.1" 200 995000
192.168.0.1 - - [05/Apr/2017:00:46:33 +0900] "POST /light_web/selectReview.do HTTP/1.1" 200 2606
192.168.0.1 - - [05/Apr/2017:00:46:33 +0900] "POST /light_web/selectEvent.do HTTP/1.1" 200 1131
192.168.0.1 - - [05/Apr/2017:00:46:34 +0900] "GET /light_web/menu/2.jpg HTTP/1.1" 200 49805
192.168.0.1 - - [05/Apr/2017:00:46:34 +0900] "GET /light_web/menu/3.jpg HTTP/1.1" 200 52675
192.168.0.1 - - [05/Apr/2017:00:46:34 +0900] "GET /light_web/menu/1123.jpg HTTP/1.1" 404 1093
192.168.0.1 - - [05/Apr/2017:00:46:34 +0900] "GET /light_web/member/12.jpg HTTP/1.1" 200 44350
192.168.0.1 - - [05/Apr/2017:00:46:34 +0900] "GET /light_web/review/2.jpg HTTP/1.1" 200 224677
192.168.0.1 - - [05/Apr/2017:00:46:34 +0900] "GET /light_web/member/13.jpg HTTP/1.1" 200 37046
192.168.0.1 - - [05/Apr/2017:00:46:34 +0900] "GET /light_web/review/1.jpg HTTP/1.1" 200 179340
192.168.0.1 - - [05/Apr/2017:00:46:34 +0900] "GET /light_web/member/14.jpg HTTP/1.1" 200 129540
192.168.0.1 - - [05/Apr/2017:00:46:34 +0900] "GET /light_web/member/14.jpg HTTP/1.1" 200 129540
192.168.0.1 - - [05/Apr/2017:00:46:34 +0900] "GET /light_web/member/14.jpg HTTP/1.1" 200 129540
192.168.0.1 - - [05/Apr/2017:00:46:34 +0900] "GET /light_web/review/1123.jpg HTTP/1.1" 404 1095
192.168.0.1 - - [05/Apr/2017:00:46:34 +0900] "GET /light_web/member/14.jpg HTTP/1.1" 200 129540
192.168.0.2 - - [05/Apr/2017:00:46:34 +0900] "GET /light_web/review/1123.jpg HTTP/1.1" 404 1095
192.168.0.1 - - [05/Apr/2017:00:46:34 +0900] "GET /light_web/member/14.jpg HTTP/1.1" 200 129540
192.168.0.2 - - [05/Apr/2017:00:46:34 +0900] "GET /light_web/review/1123.jpg HTTP/1.1" 404 1095
192.168.0.1 - - [05/Apr/2017:00:46:34 +0900] "GET /light_web/member/14.jpg HTTP/1.1" 200 129540
192.168.0.2 - - [05/Apr/2017:00:46:35 +0900] "GET /light_web/review/1123.jpg HTTP/1.1" 404 1095
192.168.0.1 - - [05/Apr/2017:00:46:35 +0900] "GET /light_web/member/14.jpg HTTP/1.1" 200 129540
192.168.0.2 - - [05/Apr/2017:00:46:35 +0900] "GET /light_web/review/1123.jpg HTTP/1.1" 404 1095
192.168.0.1 - - [05/Apr/2017:00:46:35 +0900] "GET /light_web/event/1.jpg HTTP/1.1" 200 995000
192.168.0.1 - - [05/Apr/2017:00:46:35 +0900] "GET /light_web/event/2.jpg HTTP/1.1" 200 49805
192.168.0.1 - - [05/Apr/2017:00:46:35 +0900] "GET /light_web/event/3.jpg HTTP/1.1" 200 52675
192.168.0.1 - - [05/Apr/2017:00:46:35 +0900] "GET /light_web/event/1123.jpg HTTP/1.1" 404 1094
192.168.0.1 - - [05/Apr/2017:00:46:36 +0900] "POST /light_web/insertReview.do HTTP/1.1" 200 -
127.0.0.1 - - [05/Apr/2017:00:47:48 +0900] "GET / HTTP/1.1" 404 1070
192.168.0.1 - - [05/Apr/2017:00:47:53 +0900] "POST /light_web/insertReview.do HTTP/1.1" 200 -
192.168.0.1 - - [05/Apr/2017:00:48:34 +0900] "POST /light_web/insertReview.do HTTP/1.1" 200 -
127.0.0.1 - - [05/Apr/2017:00:49:50 +0900] "GET / HTTP/1.1" 404 1070
192.168.0.1 - - [05/Apr/2017:00:49:53 +0900] "POST /light_web/selectRestaurant.do HTTP/1.1" 200 348
192.168.0.1 - - [05/Apr/2017:00:49:53 +0900] "GET /light_web/restaurant/food.jpg HTTP/1.1" 200 240831
192.168.0.1 - - [05/Apr/2017:00:49:53 +0900] "POST /light_web/selectMenu.do HTTP/1.1" 200 852
192.168.0.1 - - [05/Apr/2017:00:49:53 +0900] "GET /light_web/menu/1.jpg HTTP/1.1" 200 995000
192.168.0.1 - - [05/Apr/2017:00:49:53 +0900] "POST /light_web/selectReview.do HTTP/1.1" 200 2606
192.168.0.1 - - [05/Apr/2017:00:49:53 +0900] "POST /light_web/selectEvent.do HTTP/1.1" 200 1131
192.168.0.1 - - [05/Apr/2017:00:49:53 +0900] "GET /light_web/menu/2.jpg HTTP/1.1" 200 49805
192.168.0.1 - - [05/Apr/2017:00:49:53 +0900] "GET /light_web/menu/3.jpg HTTP/1.1" 200 52675
192.168.0.1 - - [05/Apr/2017:00:49:53 +0900] "GET /light_web/menu/1123.jpg HTTP/1.1" 404 1093
192.168.0.1 - - [05/Apr/2017:00:49:53 +0900] "GET /light_web/member/12.jpg HTTP/1.1" 200 44350
192.168.0.1 - - [05/Apr/2017:00:49:54 +0900] "GET /light_web/review/2.jpg HTTP/1.1" 200 224677
192.168.0.1 - - [05/Apr/2017:00:49:54 +0900] "GET /light_web/member/13.jpg HTTP/1.1" 200 37046
192.168.0.1 - - [05/Apr/2017:00:49:54 +0900] "GET /light_web/review/1.jpg HTTP/1.1" 200 179340
192.168.0.1 - - [05/Apr/2017:00:49:54 +0900] "GET /light_web/member/14.jpg HTTP/1.1" 200 129540
192.168.0.1 - - [05/Apr/2017:00:49:54 +0900] "GET /light_web/member/14.jpg HTTP/1.1" 200 129540
192.168.0.1 - - [05/Apr/2017:00:49:54 +0900] "GET /light_web/member/14.jpg HTTP/1.1" 200 129540
192.168.0.1 - - [05/Apr/2017:00:49:54 +0900] "GET /light_web/review/1123.jpg HTTP/1.1" 404 1095
192.168.0.1 - - [05/Apr/2017:00:49:54 +0900] "GET /light_web/member/14.jpg HTTP/1.1" 200 129540
192.168.0.2 - - [05/Apr/2017:00:49:54 +0900] "GET /light_web/review/1123.jpg HTTP/1.1" 404 1095
192.168.0.1 - - [05/Apr/2017:00:49:54 +0900] "GET /light_web/member/14.jpg HTTP/1.1" 200 129540
192.168.0.2 - - [05/Apr/2017:00:49:54 +0900] "GET /light_web/review/1123.jpg HTTP/1.1" 404 1095
192.168.0.1 - - [05/Apr/2017:00:49:54 +0900] "GET /light_web/member/14.jpg HTTP/1.1" 200 129540
192.168.0.2 - - [05/Apr/2017:00:49:54 +0900] "GET /light_web/review/1123.jpg HTTP/1.1" 404 1095
192.168.0.1 - - [05/Apr/2017:00:49:54 +0900] "GET /light_web/member/14.jpg HTTP/1.1" 200 129540
192.168.0.2 - - [05/Apr/2017:00:49:54 +0900] "GET /light_web/review/1123.jpg HTTP/1.1" 404 1095
192.168.0.1 - - [05/Apr/2017:00:49:55 +0900] "GET /light_web/event/1.jpg HTTP/1.1" 200 995000
192.168.0.1 - - [05/Apr/2017:00:49:55 +0900] "GET /light_web/event/2.jpg HTTP/1.1" 200 49805
192.168.0.1 - - [05/Apr/2017:00:49:55 +0900] "GET /light_web/event/3.jpg HTTP/1.1" 200 52675
192.168.0.1 - - [05/Apr/2017:00:49:55 +0900] "GET /light_web/event/1123.jpg HTTP/1.1" 404 1094
192.168.0.1 - - [05/Apr/2017:00:49:55 +0900] "POST /light_web/insertReview.do HTTP/1.1" 200 -
127.0.0.1 - - [05/Apr/2017:00:52:28 +0900] "GET / HTTP/1.1" 404 1070
192.168.0.1 - - [05/Apr/2017:00:52:31 +0900] "POST /light_web/insertReview.do HTTP/1.1" 200 -
127.0.0.1 - - [05/Apr/2017:00:54:02 +0900] "GET / HTTP/1.1" 404 1070
192.168.0.1 - - [05/Apr/2017:00:54:08 +0900] "POST /light_web/insertReview.do HTTP/1.1" 200 -
127.0.0.1 - - [05/Apr/2017:00:55:42 +0900] "GET / HTTP/1.1" 404 1070
192.168.0.1 - - [05/Apr/2017:00:55:51 +0900] "POST /light_web/insertReview.do HTTP/1.1" 200 -
127.0.0.1 - - [05/Apr/2017:00:57:46 +0900] "GET / HTTP/1.1" 404 1070
192.168.0.1 - - [05/Apr/2017:00:57:53 +0900] "POST /light_web/insertReview.do HTTP/1.1" 200 -
192.168.0.1 - - [05/Apr/2017:00:59:10 +0900] "POST /light_web/selectRestaurant.do HTTP/1.1" 200 348
192.168.0.1 - - [05/Apr/2017:00:59:10 +0900] "GET /light_web/restaurant/food.jpg HTTP/1.1" 200 240831
192.168.0.1 - - [05/Apr/2017:00:59:10 +0900] "POST /light_web/selectMenu.do HTTP/1.1" 200 852
192.168.0.1 - - [05/Apr/2017:00:59:10 +0900] "GET /light_web/menu/1.jpg HTTP/1.1" 200 995000
192.168.0.1 - - [05/Apr/2017:00:59:10 +0900] "POST /light_web/selectReview.do HTTP/1.1" 200 2606
192.168.0.1 - - [05/Apr/2017:00:59:10 +0900] "POST /light_web/selectEvent.do HTTP/1.1" 200 1131
192.168.0.1 - - [05/Apr/2017:00:59:11 +0900] "GET /light_web/menu/2.jpg HTTP/1.1" 200 49805
192.168.0.1 - - [05/Apr/2017:00:59:11 +0900] "GET /light_web/menu/3.jpg HTTP/1.1" 200 52675
192.168.0.1 - - [05/Apr/2017:00:59:11 +0900] "GET /light_web/menu/1123.jpg HTTP/1.1" 404 1093
192.168.0.1 - - [05/Apr/2017:00:59:11 +0900] "GET /light_web/member/12.jpg HTTP/1.1" 200 44350
192.168.0.1 - - [05/Apr/2017:00:59:11 +0900] "GET /light_web/review/2.jpg HTTP/1.1" 200 224677
192.168.0.1 - - [05/Apr/2017:00:59:11 +0900] "GET /light_web/member/13.jpg HTTP/1.1" 200 37046
192.168.0.1 - - [05/Apr/2017:00:59:11 +0900] "GET /light_web/review/1.jpg HTTP/1.1" 200 179340
192.168.0.1 - - [05/Apr/2017:00:59:11 +0900] "GET /light_web/member/14.jpg HTTP/1.1" 200 129540
192.168.0.1 - - [05/Apr/2017:00:59:11 +0900] "GET /light_web/member/14.jpg HTTP/1.1" 200 129540
192.168.0.1 - - [05/Apr/2017:00:59:11 +0900] "GET /light_web/member/14.jpg HTTP/1.1" 200 129540
192.168.0.1 - - [05/Apr/2017:00:59:11 +0900] "GET /light_web/review/1123.jpg HTTP/1.1" 404 1095
192.168.0.1 - - [05/Apr/2017:00:59:11 +0900] "GET /light_web/member/14.jpg HTTP/1.1" 200 129540
192.168.0.2 - - [05/Apr/2017:00:59:11 +0900] "GET /light_web/review/1123.jpg HTTP/1.1" 404 1095
192.168.0.1 - - [05/Apr/2017:00:59:11 +0900] "GET /light_web/member/14.jpg HTTP/1.1" 200 129540
192.168.0.2 - - [05/Apr/2017:00:59:12 +0900] "GET /light_web/review/1123.jpg HTTP/1.1" 404 1095
192.168.0.1 - - [05/Apr/2017:00:59:12 +0900] "GET /light_web/member/14.jpg HTTP/1.1" 200 129540
192.168.0.2 - - [05/Apr/2017:00:59:12 +0900] "GET /light_web/review/1123.jpg HTTP/1.1" 404 1095
192.168.0.1 - - [05/Apr/2017:00:59:12 +0900] "GET /light_web/member/14.jpg HTTP/1.1" 200 129540
192.168.0.2 - - [05/Apr/2017:00:59:12 +0900] "GET /light_web/review/1123.jpg HTTP/1.1" 404 1095
192.168.0.1 - - [05/Apr/2017:00:59:12 +0900] "GET /light_web/event/1.jpg HTTP/1.1" 200 995000
192.168.0.1 - - [05/Apr/2017:00:59:12 +0900] "GET /light_web/event/2.jpg HTTP/1.1" 200 49805
192.168.0.1 - - [05/Apr/2017:00:59:12 +0900] "GET /light_web/event/3.jpg HTTP/1.1" 200 52675
192.168.0.1 - - [05/Apr/2017:00:59:12 +0900] "GET /light_web/event/1123.jpg HTTP/1.1" 404 1094
192.168.0.1 - - [05/Apr/2017:01:01:22 +0900] "POST /light_web/selectRestaurant.do HTTP/1.1" 200 348
192.168.0.1 - - [05/Apr/2017:01:01:22 +0900] "GET /light_web/restaurant/food.jpg HTTP/1.1" 200 240831
192.168.0.1 - - [05/Apr/2017:01:01:22 +0900] "POST /light_web/selectMenu.do HTTP/1.1" 200 852
192.168.0.1 - - [05/Apr/2017:01:01:22 +0900] "POST /light_web/selectReview.do HTTP/1.1" 200 2606
192.168.0.1 - - [05/Apr/2017:01:01:22 +0900] "GET /light_web/menu/1.jpg HTTP/1.1" 200 995000
192.168.0.1 - - [05/Apr/2017:01:01:22 +0900] "POST /light_web/selectEvent.do HTTP/1.1" 200 1131
192.168.0.1 - - [05/Apr/2017:01:01:23 +0900] "GET /light_web/menu/2.jpg HTTP/1.1" 200 49805
192.168.0.1 - - [05/Apr/2017:01:01:23 +0900] "GET /light_web/menu/3.jpg HTTP/1.1" 200 52675
192.168.0.1 - - [05/Apr/2017:01:01:23 +0900] "GET /light_web/menu/1123.jpg HTTP/1.1" 404 1093
192.168.0.1 - - [05/Apr/2017:01:01:23 +0900] "GET /light_web/member/12.jpg HTTP/1.1" 200 44350
192.168.0.1 - - [05/Apr/2017:01:01:23 +0900] "GET /light_web/review/2.jpg HTTP/1.1" 200 224677
192.168.0.1 - - [05/Apr/2017:01:01:23 +0900] "GET /light_web/member/13.jpg HTTP/1.1" 200 37046
192.168.0.1 - - [05/Apr/2017:01:01:23 +0900] "GET /light_web/review/1.jpg HTTP/1.1" 200 179340
192.168.0.1 - - [05/Apr/2017:01:01:23 +0900] "GET /light_web/member/14.jpg HTTP/1.1" 200 129540
192.168.0.1 - - [05/Apr/2017:01:01:23 +0900] "GET /light_web/member/14.jpg HTTP/1.1" 200 129540
192.168.0.1 - - [05/Apr/2017:01:01:23 +0900] "GET /light_web/member/14.jpg HTTP/1.1" 200 129540
192.168.0.1 - - [05/Apr/2017:01:01:23 +0900] "GET /light_web/review/1123.jpg HTTP/1.1" 404 1095
192.168.0.1 - - [05/Apr/2017:01:01:23 +0900] "GET /light_web/member/14.jpg HTTP/1.1" 200 129540
192.168.0.2 - - [05/Apr/2017:01:01:23 +0900] "GET /light_web/review/1123.jpg HTTP/1.1" 404 1095
192.168.0.1 - - [05/Apr/2017:01:01:23 +0900] "GET /light_web/member/14.jpg HTTP/1.1" 200 129540
192.168.0.2 - - [05/Apr/2017:01:01:23 +0900] "GET /light_web/review/1123.jpg HTTP/1.1" 404 1095
192.168.0.1 - - [05/Apr/2017:01:01:24 +0900] "GET /light_web/member/14.jpg HTTP/1.1" 200 129540
192.168.0.2 - - [05/Apr/2017:01:01:24 +0900] "GET /light_web/review/1123.jpg HTTP/1.1" 404 1095
192.168.0.1 - - [05/Apr/2017:01:01:24 +0900] "GET /light_web/member/14.jpg HTTP/1.1" 200 129540
192.168.0.2 - - [05/Apr/2017:01:01:24 +0900] "GET /light_web/review/1123.jpg HTTP/1.1" 404 1095
192.168.0.1 - - [05/Apr/2017:01:01:24 +0900] "GET /light_web/event/1.jpg HTTP/1.1" 200 995000
192.168.0.1 - - [05/Apr/2017:01:01:24 +0900] "GET /light_web/event/2.jpg HTTP/1.1" 200 49805
192.168.0.1 - - [05/Apr/2017:01:01:24 +0900] "GET /light_web/event/3.jpg HTTP/1.1" 200 52675
192.168.0.1 - - [05/Apr/2017:01:01:24 +0900] "GET /light_web/event/1123.jpg HTTP/1.1" 404 1094
127.0.0.1 - - [05/Apr/2017:01:02:12 +0900] "GET / HTTP/1.1" 404 1070
192.168.0.1 - - [05/Apr/2017:01:02:17 +0900] "POST /light_web/insertReview.do HTTP/1.1" 200 -
127.0.0.1 - - [05/Apr/2017:01:02:52 +0900] "GET / HTTP/1.1" 404 1070
192.168.0.1 - - [05/Apr/2017:01:03:06 +0900] "POST /light_web/insertReview.do HTTP/1.1" 200 -
127.0.0.1 - - [05/Apr/2017:01:12:07 +0900] "GET / HTTP/1.1" 404 1070
192.168.0.1 - - [05/Apr/2017:01:12:14 +0900] "POST /light_web/insertReview.do HTTP/1.1" 200 -
192.168.0.1 - - [05/Apr/2017:01:13:07 +0900] "POST /light_web/selectRestaurant.do HTTP/1.1" 200 348
192.168.0.1 - - [05/Apr/2017:01:13:07 +0900] "GET /light_web/restaurant/food.jpg HTTP/1.1" 200 240831
192.168.0.1 - - [05/Apr/2017:01:13:07 +0900] "POST /light_web/selectMenu.do HTTP/1.1" 200 852
192.168.0.1 - - [05/Apr/2017:01:13:07 +0900] "GET /light_web/menu/1.jpg HTTP/1.1" 200 995000
192.168.0.1 - - [05/Apr/2017:01:13:07 +0900] "POST /light_web/selectReview.do HTTP/1.1" 200 2834
192.168.0.1 - - [05/Apr/2017:01:13:07 +0900] "POST /light_web/selectEvent.do HTTP/1.1" 200 1131
192.168.0.1 - - [05/Apr/2017:01:13:07 +0900] "GET /light_web/menu/2.jpg HTTP/1.1" 200 49805
192.168.0.1 - - [05/Apr/2017:01:13:07 +0900] "GET /light_web/menu/3.jpg HTTP/1.1" 200 52675
192.168.0.1 - - [05/Apr/2017:01:13:07 +0900] "GET /light_web/menu/1123.jpg HTTP/1.1" 404 1093
192.168.0.1 - - [05/Apr/2017:01:13:08 +0900] "GET /light_web/member/12.jpg HTTP/1.1" 200 44350
192.168.0.1 - - [05/Apr/2017:01:13:08 +0900] "GET /light_web/review/2.jpg HTTP/1.1" 200 224677
192.168.0.1 - - [05/Apr/2017:01:13:08 +0900] "GET /light_web/member/13.jpg HTTP/1.1" 200 37046
192.168.0.1 - - [05/Apr/2017:01:13:08 +0900] "GET /light_web/review/1.jpg HTTP/1.1" 200 179340
192.168.0.1 - - [05/Apr/2017:01:13:08 +0900] "GET /light_web/member/14.jpg HTTP/1.1" 200 129540
192.168.0.1 - - [05/Apr/2017:01:13:08 +0900] "GET /light_web/member/14.jpg HTTP/1.1" 200 129540
192.168.0.1 - - [05/Apr/2017:01:13:08 +0900] "GET /light_web/member/14.jpg HTTP/1.1" 200 129540
192.168.0.1 - - [05/Apr/2017:01:13:08 +0900] "GET /light_web/review/1123.jpg HTTP/1.1" 404 1095
192.168.0.1 - - [05/Apr/2017:01:13:08 +0900] "GET /light_web/member/14.jpg HTTP/1.1" 200 129540
192.168.0.2 - - [05/Apr/2017:01:13:08 +0900] "GET /light_web/review/1123.jpg HTTP/1.1" 404 1095
192.168.0.1 - - [05/Apr/2017:01:13:08 +0900] "GET /light_web/member/14.jpg HTTP/1.1" 200 129540
192.168.0.2 - - [05/Apr/2017:01:13:08 +0900] "GET /light_web/review/1123.jpg HTTP/1.1" 404 1095
192.168.0.1 - - [05/Apr/2017:01:13:08 +0900] "GET /light_web/member/14.jpg HTTP/1.1" 200 129540
192.168.0.2 - - [05/Apr/2017:01:13:08 +0900] "GET /light_web/review/1123.jpg HTTP/1.1" 404 1095
192.168.0.1 - - [05/Apr/2017:01:13:08 +0900] "GET /light_web/member/14.jpg HTTP/1.1" 200 129540
192.168.0.2 - - [05/Apr/2017:01:13:09 +0900] "GET /light_web/review/1123.jpg HTTP/1.1" 404 1095
192.168.0.1 - - [05/Apr/2017:01:13:09 +0900] "GET /light_web/member/14.jpg HTTP/1.1" 200 129540
192.168.0.1 - - [05/Apr/2017:01:13:09 +0900] "GET /light_web/event/1.jpg HTTP/1.1" 200 995000
192.168.0.1 - - [05/Apr/2017:01:13:09 +0900] "GET /light_web/event/2.jpg HTTP/1.1" 200 49805
192.168.0.1 - - [05/Apr/2017:01:13:09 +0900] "GET /light_web/event/3.jpg HTTP/1.1" 200 52675
192.168.0.1 - - [05/Apr/2017:01:13:09 +0900] "GET /light_web/event/1123.jpg HTTP/1.1" 404 1094
192.168.0.1 - - [05/Apr/2017:01:13:20 +0900] "POST /light_web/insertReview.do HTTP/1.1" 200 -
192.168.0.1 - - [05/Apr/2017:01:26:02 +0900] "POST /light_web/insertAdmin.do HTTP/1.1" 200 -
192.168.0.1 - - [05/Apr/2017:01:26:49 +0900] "POST /light_web/insertAdmin.do HTTP/1.1" 500 8510
192.168.0.1 - - [05/Apr/2017:01:27:08 +0900] "POST /light_web/insertAdmin.do HTTP/1.1" 200 -
127.0.0.1 - - [05/Apr/2017:01:28:07 +0900] "GET / HTTP/1.1" 404 1070
127.0.0.1 - - [05/Apr/2017:01:31:46 +0900] "GET / HTTP/1.1" 404 1070
192.168.0.1 - - [05/Apr/2017:01:31:50 +0900] "POST /light_web/insertAdmin.do HTTP/1.1" 200 -
192.168.0.1 - - [05/Apr/2017:01:32:10 +0900] "POST /light_web/insertAdmin.do HTTP/1.1" 500 8558
192.168.0.1 - - [05/Apr/2017:01:32:47 +0900] "POST /light_web/insertAdmin.do HTTP/1.1" 200 -
192.168.0.1 - - [05/Apr/2017:01:42:56 +0900] "POST /light_web/insertAdmin.do HTTP/1.1" 500 8523
127.0.0.1 - - [05/Apr/2017:01:48:21 +0900] "GET / HTTP/1.1" 404 1070
127.0.0.1 - - [05/Apr/2017:01:49:01 +0900] "GET / HTTP/1.1" 404 1070
192.168.0.1 - - [05/Apr/2017:01:49:04 +0900] "POST /light_web/insertAdmin.do HTTP/1.1" 500 8523
127.0.0.1 - - [05/Apr/2017:01:49:58 +0900] "GET / HTTP/1.1" 404 1070
192.168.0.1 - - [05/Apr/2017:01:50:05 +0900] "POST /light_web/insertAdmin.do HTTP/1.1" 500 8523
192.168.0.1 - - [05/Apr/2017:01:50:19 +0900] "POST /light_web/insertAdmin.do HTTP/1.1" 500 8523
192.168.0.1 - - [05/Apr/2017:01:50:30 +0900] "POST /light_web/insertAdmin.do HTTP/1.1" 500 8523
192.168.0.1 - - [05/Apr/2017:01:51:12 +0900] "POST /light_web/insertStore.do HTTP/1.1" 200 -
127.0.0.1 - - [05/Apr/2017:01:52:09 +0900] "GET / HTTP/1.1" 404 1070
127.0.0.1 - - [05/Apr/2017:01:52:23 +0900] "GET / HTTP/1.1" 404 1070
192.168.0.1 - - [05/Apr/2017:01:52:24 +0900] "POST /light_web/insertStore.do HTTP/1.1" 200 -
192.168.0.1 - - [05/Apr/2017:01:53:10 +0900] "POST /light_web/insertStore.do HTTP/1.1" 200 -
192.168.0.1 - - [05/Apr/2017:01:55:35 +0900] "POST /light_web/selectRestaurant.do HTTP/1.1" 200 272
192.168.0.1 - - [05/Apr/2017:01:55:35 +0900] "GET /light_web/restaurant/food.jpg HTTP/1.1" 200 240831
192.168.0.1 - - [05/Apr/2017:01:55:35 +0900] "POST /light_web/selectMenu.do HTTP/1.1" 200 852
192.168.0.1 - - [05/Apr/2017:01:55:35 +0900] "GET /light_web/menu/1.jpg HTTP/1.1" 200 995000
192.168.0.1 - - [05/Apr/2017:01:55:35 +0900] "POST /light_web/selectReview.do HTTP/1.1" 200 716
192.168.0.1 - - [05/Apr/2017:01:55:35 +0900] "POST /light_web/selectEvent.do HTTP/1.1" 200 1131
192.168.0.1 - - [05/Apr/2017:01:55:35 +0900] "GET /light_web/menu/2.jpg HTTP/1.1" 200 49805
192.168.0.1 - - [05/Apr/2017:01:55:35 +0900] "GET /light_web/menu/3.jpg HTTP/1.1" 200 52675
192.168.0.1 - - [05/Apr/2017:01:55:35 +0900] "GET /light_web/menu/1123.jpg HTTP/1.1" 404 1093
192.168.0.1 - - [05/Apr/2017:01:55:35 +0900] "GET /light_web/member/12.jpg HTTP/1.1" 200 44350
192.168.0.1 - - [05/Apr/2017:01:55:35 +0900] "GET /light_web/review/2.jpg HTTP/1.1" 200 224677
192.168.0.1 - - [05/Apr/2017:01:55:35 +0900] "GET /light_web/member/13.jpg HTTP/1.1" 200 37046
192.168.0.1 - - [05/Apr/2017:01:55:35 +0900] "GET /light_web/review/1.jpg HTTP/1.1" 200 179340
192.168.0.1 - - [05/Apr/2017:01:55:36 +0900] "GET /light_web/event/1.jpg HTTP/1.1" 200 995000
192.168.0.1 - - [05/Apr/2017:01:55:36 +0900] "GET /light_web/event/2.jpg HTTP/1.1" 200 49805
192.168.0.1 - - [05/Apr/2017:01:55:36 +0900] "GET /light_web/event/3.jpg HTTP/1.1" 200 52675
192.168.0.1 - - [05/Apr/2017:01:55:36 +0900] "GET /light_web/event/1123.jpg HTTP/1.1" 200 57840
192.168.0.1 - - [05/Apr/2017:01:55:45 +0900] "POST /light_web/selectRestaurant.do HTTP/1.1" 200 272
192.168.0.1 - - [05/Apr/2017:01:55:45 +0900] "GET /light_web/restaurant/food.jpg HTTP/1.1" 200 240831
192.168.0.1 - - [05/Apr/2017:01:55:45 +0900] "POST /light_web/selectMenu.do HTTP/1.1" 200 852
192.168.0.1 - - [05/Apr/2017:01:55:45 +0900] "GET /light_web/menu/1.jpg HTTP/1.1" 200 995000
192.168.0.1 - - [05/Apr/2017:01:55:45 +0900] "POST /light_web/selectReview.do HTTP/1.1" 200 716
192.168.0.1 - - [05/Apr/2017:01:55:46 +0900] "GET /light_web/menu/2.jpg HTTP/1.1" 200 49805
192.168.0.1 - - [05/Apr/2017:01:55:46 +0900] "POST /light_web/selectEvent.do HTTP/1.1" 200 1131
192.168.0.1 - - [05/Apr/2017:01:55:46 +0900] "GET /light_web/menu/3.jpg HTTP/1.1" 200 52675
192.168.0.1 - - [05/Apr/2017:01:55:46 +0900] "GET /light_web/menu/1123.jpg HTTP/1.1" 404 1093
192.168.0.1 - - [05/Apr/2017:01:55:46 +0900] "GET /light_web/member/12.jpg HTTP/1.1" 200 44350
192.168.0.1 - - [05/Apr/2017:01:55:46 +0900] "GET /light_web/review/2.jpg HTTP/1.1" 200 224677
192.168.0.1 - - [05/Apr/2017:01:55:46 +0900] "GET /light_web/member/13.jpg HTTP/1.1" 200 37046
192.168.0.1 - - [05/Apr/2017:01:55:46 +0900] "GET /light_web/review/1.jpg HTTP/1.1" 200 179340
192.168.0.1 - - [05/Apr/2017:01:55:46 +0900] "GET /light_web/event/1.jpg HTTP/1.1" 200 995000
192.168.0.1 - - [05/Apr/2017:01:55:46 +0900] "GET /light_web/event/2.jpg HTTP/1.1" 200 49805
192.168.0.1 - - [05/Apr/2017:01:55:46 +0900] "GET /light_web/event/3.jpg HTTP/1.1" 200 52675
192.168.0.1 - - [05/Apr/2017:01:55:46 +0900] "GET /light_web/event/1123.jpg HTTP/1.1" 200 57840
192.168.0.1 - - [05/Apr/2017:01:55:48 +0900] "POST /light_web/insertReview.do HTTP/1.1" 200 -
192.168.0.1 - - [05/Apr/2017:01:56:13 +0900] "POST /light_web/selectRestaurant.do HTTP/1.1" 200 272
192.168.0.1 - - [05/Apr/2017:01:56:13 +0900] "GET /light_web/restaurant/food.jpg HTTP/1.1" 200 240831
192.168.0.1 - - [05/Apr/2017:01:56:13 +0900] "POST /light_web/selectMenu.do HTTP/1.1" 200 852
192.168.0.1 - - [05/Apr/2017:01:56:13 +0900] "POST /light_web/selectReview.do HTTP/1.1" 200 1000
192.168.0.1 - - [05/Apr/2017:01:56:13 +0900] "POST /light_web/selectEvent.do HTTP/1.1" 200 1131
192.168.0.1 - - [05/Apr/2017:01:56:13 +0900] "GET /light_web/menu/1.jpg HTTP/1.1" 200 995000
192.168.0.1 - - [05/Apr/2017:01:56:13 +0900] "GET /light_web/menu/2.jpg HTTP/1.1" 200 49805
192.168.0.1 - - [05/Apr/2017:01:56:13 +0900] "GET /light_web/menu/3.jpg HTTP/1.1" 200 52675
192.168.0.1 - - [05/Apr/2017:01:56:13 +0900] "GET /light_web/menu/1123.jpg HTTP/1.1" 404 1093
192.168.0.1 - - [05/Apr/2017:01:56:13 +0900] "GET /light_web/member/12.jpg HTTP/1.1" 200 44350
192.168.0.1 - - [05/Apr/2017:01:56:13 +0900] "GET /light_web/review/2.jpg HTTP/1.1" 200 224677
192.168.0.1 - - [05/Apr/2017:01:56:14 +0900] "GET /light_web/member/13.jpg HTTP/1.1" 200 37046
192.168.0.1 - - [05/Apr/2017:01:56:14 +0900] "GET /light_web/review/1.jpg HTTP/1.1" 200 179340
192.168.0.1 - - [05/Apr/2017:01:56:14 +0900] "GET /light_web/member/14.jpg HTTP/1.1" 200 129540
192.168.0.1 - - [05/Apr/2017:01:56:14 +0900] "GET /light_web/review/1123.jpg HTTP/1.1" 404 1095
192.168.0.1 - - [05/Apr/2017:01:56:14 +0900] "GET /light_web/event/1.jpg HTTP/1.1" 200 995000
192.168.0.1 - - [05/Apr/2017:01:56:14 +0900] "GET /light_web/event/2.jpg HTTP/1.1" 200 49805
192.168.0.1 - - [05/Apr/2017:01:56:14 +0900] "GET /light_web/event/3.jpg HTTP/1.1" 200 52675
192.168.0.1 - - [05/Apr/2017:01:56:14 +0900] "GET /light_web/event/1123.jpg HTTP/1.1" 200 57840
192.168.0.1 - - [05/Apr/2017:01:56:22 +0900] "POST /light_web/insertReview.do HTTP/1.1" 200 -
192.168.0.1 - - [05/Apr/2017:01:56:34 +0900] "POST /light_web/selectRestaurant.do HTTP/1.1" 200 272
192.168.0.1 - - [05/Apr/2017:01:56:34 +0900] "GET /light_web/restaurant/food.jpg HTTP/1.1" 200 240831
192.168.0.1 - - [05/Apr/2017:01:56:35 +0900] "POST /light_web/selectMenu.do HTTP/1.1" 200 852
192.168.0.1 - - [05/Apr/2017:01:56:35 +0900] "GET /light_web/menu/1.jpg HTTP/1.1" 200 995000
192.168.0.1 - - [05/Apr/2017:01:56:35 +0900] "POST /light_web/selectReview.do HTTP/1.1" 200 1228
192.168.0.1 - - [05/Apr/2017:01:56:35 +0900] "POST /light_web/selectEvent.do HTTP/1.1" 200 1131
192.168.0.1 - - [05/Apr/2017:01:56:35 +0900] "GET /light_web/menu/2.jpg HTTP/1.1" 200 49805
192.168.0.1 - - [05/Apr/2017:01:56:35 +0900] "GET /light_web/menu/3.jpg HTTP/1.1" 200 52675
192.168.0.1 - - [05/Apr/2017:01:56:35 +0900] "GET /light_web/menu/1123.jpg HTTP/1.1" 404 1093
192.168.0.1 - - [05/Apr/2017:01:56:35 +0900] "GET /light_web/member/12.jpg HTTP/1.1" 200 44350
192.168.0.1 - - [05/Apr/2017:01:56:35 +0900] "GET /light_web/review/2.jpg HTTP/1.1" 200 224677
192.168.0.1 - - [05/Apr/2017:01:56:35 +0900] "GET /light_web/member/13.jpg HTTP/1.1" 200 37046
192.168.0.1 - - [05/Apr/2017:01:56:35 +0900] "GET /light_web/review/1.jpg HTTP/1.1" 200 179340
192.168.0.1 - - [05/Apr/2017:01:56:35 +0900] "GET /light_web/member/14.jpg HTTP/1.1" 200 129540
192.168.0.1 - - [05/Apr/2017:01:56:35 +0900] "GET /light_web/review/1123.jpg HTTP/1.1" 404 1095
192.168.0.1 - - [05/Apr/2017:01:56:35 +0900] "GET /light_web/member/14.jpg HTTP/1.1" 200 129540
192.168.0.1 - - [05/Apr/2017:01:56:35 +0900] "GET /light_web/event/1.jpg HTTP/1.1" 200 995000
192.168.0.1 - - [05/Apr/2017:01:56:36 +0900] "GET /light_web/event/2.jpg HTTP/1.1" 200 49805
192.168.0.1 - - [05/Apr/2017:01:56:36 +0900] "GET /light_web/event/3.jpg HTTP/1.1" 200 52675
192.168.0.1 - - [05/Apr/2017:01:56:36 +0900] "GET /light_web/event/1123.jpg HTTP/1.1" 200 57840
192.168.0.1 - - [05/Apr/2017:01:57:24 +0900] "POST /light_web/selectRestaurant.do HTTP/1.1" 200 272
192.168.0.1 - - [05/Apr/2017:01:57:24 +0900] "GET /light_web/restaurant/food.jpg HTTP/1.1" 200 240831
192.168.0.1 - - [05/Apr/2017:01:57:24 +0900] "POST /light_web/selectMenu.do HTTP/1.1" 200 852
192.168.0.1 - - [05/Apr/2017:01:57:24 +0900] "POST /light_web/selectReview.do HTTP/1.1" 200 1228
192.168.0.1 - - [05/Apr/2017:01:57:24 +0900] "GET /light_web/menu/1.jpg HTTP/1.1" 200 995000
192.168.0.1 - - [05/Apr/2017:01:57:24 +0900] "POST /light_web/selectEvent.do HTTP/1.1" 200 1131
192.168.0.1 - - [05/Apr/2017:01:57:24 +0900] "GET /light_web/menu/2.jpg HTTP/1.1" 200 49805
192.168.0.1 - - [05/Apr/2017:01:57:24 +0900] "GET /light_web/menu/3.jpg HTTP/1.1" 200 52675
192.168.0.1 - - [05/Apr/2017:01:57:24 +0900] "GET /light_web/menu/1123.jpg HTTP/1.1" 404 1093
192.168.0.1 - - [05/Apr/2017:01:57:24 +0900] "GET /light_web/member/12.jpg HTTP/1.1" 200 44350
192.168.0.1 - - [05/Apr/2017:01:57:24 +0900] "GET /light_web/review/2.jpg HTTP/1.1" 200 224677
192.168.0.1 - - [05/Apr/2017:01:57:24 +0900] "GET /light_web/member/13.jpg HTTP/1.1" 200 37046
192.168.0.1 - - [05/Apr/2017:01:57:24 +0900] "GET /light_web/review/1.jpg HTTP/1.1" 200 179340
192.168.0.1 - - [05/Apr/2017:01:57:24 +0900] "GET /light_web/member/14.jpg HTTP/1.1" 200 129540
192.168.0.1 - - [05/Apr/2017:01:57:24 +0900] "GET /light_web/review/1123.jpg HTTP/1.1" 200 57840
192.168.0.1 - - [05/Apr/2017:01:57:24 +0900] "GET /light_web/member/14.jpg HTTP/1.1" 200 129540
192.168.0.1 - - [05/Apr/2017:01:57:25 +0900] "GET /light_web/event/1.jpg HTTP/1.1" 200 995000
192.168.0.1 - - [05/Apr/2017:01:57:25 +0900] "GET /light_web/event/2.jpg HTTP/1.1" 200 49805
192.168.0.1 - - [05/Apr/2017:01:57:25 +0900] "GET /light_web/event/3.jpg HTTP/1.1" 200 52675
192.168.0.1 - - [05/Apr/2017:01:57:25 +0900] "GET /light_web/event/1123.jpg HTTP/1.1" 200 57840
192.168.0.1 - - [05/Apr/2017:01:57:34 +0900] "POST /light_web/selectRestaurant.do HTTP/1.1" 200 272
192.168.0.1 - - [05/Apr/2017:01:57:34 +0900] "GET /light_web/restaurant/food.jpg HTTP/1.1" 200 240831
192.168.0.1 - - [05/Apr/2017:01:57:34 +0900] "POST /light_web/selectMenu.do HTTP/1.1" 200 852
192.168.0.1 - - [05/Apr/2017:01:57:35 +0900] "GET /light_web/menu/1.jpg HTTP/1.1" 200 995000
192.168.0.1 - - [05/Apr/2017:01:57:35 +0900] "POST /light_web/selectReview.do HTTP/1.1" 200 1228
192.168.0.1 - - [05/Apr/2017:01:57:35 +0900] "POST /light_web/selectEvent.do HTTP/1.1" 200 1131
192.168.0.1 - - [05/Apr/2017:01:57:35 +0900] "GET /light_web/menu/2.jpg HTTP/1.1" 200 49805
192.168.0.1 - - [05/Apr/2017:01:57:35 +0900] "GET /light_web/menu/3.jpg HTTP/1.1" 200 52675
192.168.0.1 - - [05/Apr/2017:01:57:35 +0900] "GET /light_web/menu/1123.jpg HTTP/1.1" 404 1093
192.168.0.1 - - [05/Apr/2017:01:57:35 +0900] "GET /light_web/member/12.jpg HTTP/1.1" 200 44350
192.168.0.1 - - [05/Apr/2017:01:57:35 +0900] "GET /light_web/review/2.jpg HTTP/1.1" 200 224677
192.168.0.1 - - [05/Apr/2017:01:57:35 +0900] "GET /light_web/member/13.jpg HTTP/1.1" 200 37046
192.168.0.1 - - [05/Apr/2017:01:57:35 +0900] "GET /light_web/review/1.jpg HTTP/1.1" 200 179340
192.168.0.1 - - [05/Apr/2017:01:57:35 +0900] "GET /light_web/member/14.jpg HTTP/1.1" 200 129540
192.168.0.1 - - [05/Apr/2017:01:57:36 +0900] "GET /light_web/review/1123.jpg HTTP/1.1" 200 57840
192.168.0.1 - - [05/Apr/2017:01:57:36 +0900] "GET /light_web/member/14.jpg HTTP/1.1" 200 129540
192.168.0.1 - - [05/Apr/2017:01:57:36 +0900] "GET /light_web/event/1.jpg HTTP/1.1" 200 995000
192.168.0.1 - - [05/Apr/2017:01:57:36 +0900] "GET /light_web/event/2.jpg HTTP/1.1" 200 49805
192.168.0.1 - - [05/Apr/2017:01:57:36 +0900] "GET /light_web/event/3.jpg HTTP/1.1" 200 52675
192.168.0.1 - - [05/Apr/2017:01:57:36 +0900] "GET /light_web/event/1123.jpg HTTP/1.1" 200 57840
192.168.0.1 - - [05/Apr/2017:01:58:13 +0900] "POST /light_web/insertReview.do HTTP/1.1" 200 -
192.168.0.1 - - [05/Apr/2017:01:58:57 +0900] "GET /light_web/event/3.jpg HTTP/1.1" 200 52675
127.0.0.1 - - [05/Apr/2017:01:58:57 +0900] "GET / HTTP/1.1" 404 1070
192.168.0.1 - - [05/Apr/2017:01:58:57 +0900] "GET /light_web/event/1123.jpg HTTP/1.1" 200 57840
192.168.0.1 - - [05/Apr/2017:01:59:36 +0900] "POST /light_web/selectRestaurant.do HTTP/1.1" 200 272
192.168.0.1 - - [05/Apr/2017:01:59:36 +0900] "GET /light_web/restaurant/food.jpg HTTP/1.1" 200 240831
192.168.0.1 - - [05/Apr/2017:01:59:36 +0900] "POST /light_web/selectMenu.do HTTP/1.1" 200 852
192.168.0.1 - - [05/Apr/2017:01:59:36 +0900] "GET /light_web/menu/1.jpg HTTP/1.1" 200 995000
192.168.0.1 - - [05/Apr/2017:01:59:36 +0900] "POST /light_web/selectReview.do HTTP/1.1" 200 1456
192.168.0.1 - - [05/Apr/2017:01:59:36 +0900] "GET /light_web/menu/2.jpg HTTP/1.1" 200 49805
192.168.0.1 - - [05/Apr/2017:01:59:36 +0900] "POST /light_web/selectEvent.do HTTP/1.1" 200 1131
192.168.0.1 - - [05/Apr/2017:01:59:36 +0900] "GET /light_web/menu/3.jpg HTTP/1.1" 200 52675
192.168.0.1 - - [05/Apr/2017:01:59:36 +0900] "GET /light_web/menu/1123.jpg HTTP/1.1" 404 1093
192.168.0.1 - - [05/Apr/2017:01:59:36 +0900] "GET /light_web/member/12.jpg HTTP/1.1" 200 44350
192.168.0.1 - - [05/Apr/2017:01:59:36 +0900] "GET /light_web/review/2.jpg HTTP/1.1" 200 224677
192.168.0.1 - - [05/Apr/2017:01:59:36 +0900] "GET /light_web/member/13.jpg HTTP/1.1" 200 37046
192.168.0.1 - - [05/Apr/2017:01:59:36 +0900] "GET /light_web/review/1.jpg HTTP/1.1" 200 179340
192.168.0.1 - - [05/Apr/2017:01:59:36 +0900] "GET /light_web/member/14.jpg HTTP/1.1" 200 129540
192.168.0.1 - - [05/Apr/2017:01:59:36 +0900] "GET /light_web/review/1123.jpg HTTP/1.1" 200 57840
192.168.0.1 - - [05/Apr/2017:01:59:36 +0900] "GET /light_web/member/14.jpg HTTP/1.1" 200 129540
192.168.0.1 - - [05/Apr/2017:01:59:36 +0900] "GET /light_web/member/14.jpg HTTP/1.1" 200 129540
192.168.0.1 - - [05/Apr/2017:01:59:37 +0900] "GET /light_web/event/1.jpg HTTP/1.1" 200 995000
192.168.0.1 - - [05/Apr/2017:01:59:37 +0900] "GET /light_web/event/2.jpg HTTP/1.1" 200 49805
192.168.0.1 - - [05/Apr/2017:01:59:37 +0900] "GET /light_web/event/3.jpg HTTP/1.1" 200 52675
192.168.0.1 - - [05/Apr/2017:01:59:37 +0900] "GET /light_web/event/1123.jpg HTTP/1.1" 200 57840
192.168.0.1 - - [05/Apr/2017:01:59:46 +0900] "POST /light_web/selectRestaurant.do HTTP/1.1" 200 272
192.168.0.1 - - [05/Apr/2017:01:59:46 +0900] "GET /light_web/restaurant/food.jpg HTTP/1.1" 200 240831
192.168.0.1 - - [05/Apr/2017:01:59:46 +0900] "POST /light_web/selectMenu.do HTTP/1.1" 200 852
192.168.0.1 - - [05/Apr/2017:01:59:46 +0900] "GET /light_web/menu/1.jpg HTTP/1.1" 200 995000
192.168.0.1 - - [05/Apr/2017:01:59:46 +0900] "POST /light_web/selectReview.do HTTP/1.1" 200 1456
192.168.0.1 - - [05/Apr/2017:01:59:46 +0900] "GET /light_web/menu/2.jpg HTTP/1.1" 200 49805
192.168.0.1 - - [05/Apr/2017:01:59:46 +0900] "POST /light_web/selectEvent.do HTTP/1.1" 200 1131
192.168.0.1 - - [05/Apr/2017:01:59:46 +0900] "GET /light_web/menu/3.jpg HTTP/1.1" 200 52675
192.168.0.1 - - [05/Apr/2017:01:59:46 +0900] "GET /light_web/menu/1123.jpg HTTP/1.1" 404 1093
192.168.0.1 - - [05/Apr/2017:01:59:46 +0900] "GET /light_web/member/12.jpg HTTP/1.1" 200 44350
192.168.0.1 - - [05/Apr/2017:01:59:46 +0900] "GET /light_web/review/2.jpg HTTP/1.1" 200 224677
192.168.0.1 - - [05/Apr/2017:01:59:46 +0900] "GET /light_web/member/13.jpg HTTP/1.1" 200 37046
192.168.0.1 - - [05/Apr/2017:01:59:47 +0900] "GET /light_web/review/1.jpg HTTP/1.1" 200 179340
192.168.0.1 - - [05/Apr/2017:01:59:47 +0900] "GET /light_web/member/14.jpg HTTP/1.1" 200 129540
192.168.0.1 - - [05/Apr/2017:01:59:47 +0900] "GET /light_web/review/1123.jpg HTTP/1.1" 200 57840
192.168.0.1 - - [05/Apr/2017:01:59:47 +0900] "GET /light_web/member/14.jpg HTTP/1.1" 200 129540
192.168.0.1 - - [05/Apr/2017:01:59:47 +0900] "GET /light_web/member/14.jpg HTTP/1.1" 200 129540
192.168.0.1 - - [05/Apr/2017:01:59:47 +0900] "GET /light_web/event/1.jpg HTTP/1.1" 200 995000
192.168.0.1 - - [05/Apr/2017:01:59:47 +0900] "GET /light_web/event/2.jpg HTTP/1.1" 200 49805
192.168.0.1 - - [05/Apr/2017:01:59:48 +0900] "GET /light_web/event/3.jpg HTTP/1.1" 200 52675
192.168.0.1 - - [05/Apr/2017:01:59:48 +0900] "GET /light_web/event/1123.jpg HTTP/1.1" 200 57840
192.168.0.1 - - [05/Apr/2017:01:59:48 +0900] "POST /light_web/insertReview.do HTTP/1.1" 200 -
192.168.0.1 - - [05/Apr/2017:01:59:52 +0900] "POST /light_web/selectRestaurant.do HTTP/1.1" 200 272
192.168.0.1 - - [05/Apr/2017:01:59:52 +0900] "GET /light_web/restaurant/food.jpg HTTP/1.1" 200 240831
192.168.0.1 - - [05/Apr/2017:01:59:52 +0900] "POST /light_web/selectMenu.do HTTP/1.1" 200 852
192.168.0.1 - - [05/Apr/2017:01:59:52 +0900] "GET /light_web/menu/1.jpg HTTP/1.1" 200 995000
192.168.0.1 - - [05/Apr/2017:01:59:52 +0900] "POST /light_web/selectReview.do HTTP/1.1" 200 1732
192.168.0.1 - - [05/Apr/2017:01:59:52 +0900] "POST /light_web/selectEvent.do HTTP/1.1" 200 1131
192.168.0.1 - - [05/Apr/2017:01:59:52 +0900] "GET /light_web/menu/2.jpg HTTP/1.1" 200 49805
192.168.0.1 - - [05/Apr/2017:01:59:52 +0900] "GET /light_web/menu/3.jpg HTTP/1.1" 200 52675
192.168.0.1 - - [05/Apr/2017:01:59:53 +0900] "GET /light_web/menu/1123.jpg HTTP/1.1" 404 1093
192.168.0.1 - - [05/Apr/2017:01:59:53 +0900] "GET /light_web/member/12.jpg HTTP/1.1" 200 44350
192.168.0.1 - - [05/Apr/2017:01:59:53 +0900] "GET /light_web/review/2.jpg HTTP/1.1" 200 224677
192.168.0.1 - - [05/Apr/2017:01:59:53 +0900] "GET /light_web/member/13.jpg HTTP/1.1" 200 37046
192.168.0.1 - - [05/Apr/2017:01:59:53 +0900] "GET /light_web/review/1.jpg HTTP/1.1" 200 179340
192.168.0.1 - - [05/Apr/2017:01:59:53 +0900] "GET /light_web/member/14.jpg HTTP/1.1" 200 129540
192.168.0.1 - - [05/Apr/2017:01:59:53 +0900] "GET /light_web/review/1123.jpg HTTP/1.1" 200 57840
192.168.0.1 - - [05/Apr/2017:01:59:53 +0900] "GET /light_web/member/14.jpg HTTP/1.1" 200 129540
192.168.0.1 - - [05/Apr/2017:01:59:53 +0900] "GET /light_web/member/14.jpg HTTP/1.1" 200 129540
192.168.0.1 - - [05/Apr/2017:01:59:53 +0900] "GET /light_web/member/14.jpg HTTP/1.1" 200 129540
192.168.0.1 - - [05/Apr/2017:01:59:53 +0900] "GET /light_web/event/1.jpg HTTP/1.1" 200 995000
192.168.0.1 - - [05/Apr/2017:01:59:53 +0900] "GET /light_web/event/2.jpg HTTP/1.1" 200 49805
192.168.0.1 - - [05/Apr/2017:01:59:53 +0900] "GET /light_web/event/3.jpg HTTP/1.1" 200 52675
192.168.0.1 - - [05/Apr/2017:01:59:53 +0900] "GET /light_web/event/1123.jpg HTTP/1.1" 200 57840
192.168.0.1 - - [05/Apr/2017:02:01:05 +0900] "POST /light_web/insertMenu.do HTTP/1.1" 200 -
192.168.0.1 - - [05/Apr/2017:02:01:27 +0900] "POST /light_web/insertMenu.do HTTP/1.1" 200 -
192.168.0.1 - - [05/Apr/2017:02:02:22 +0900] "POST /light_web/insertMenu.do HTTP/1.1" 200 -
192.168.0.1 - - [05/Apr/2017:02:02:25 +0900] "POST /light_web/insertMember.do HTTP/1.1" 200 -
192.168.0.1 - - [05/Apr/2017:02:03:07 +0900] "POST /light_web/insertMember.do HTTP/1.1" 200 -
192.168.0.1 - - [05/Apr/2017:02:04:17 +0900] "POST /light_web/selectRestaurant.do HTTP/1.1" 200 272
192.168.0.1 - - [05/Apr/2017:02:04:17 +0900] "GET /light_web/restaurant/food.jpg HTTP/1.1" 200 240831
192.168.0.1 - - [05/Apr/2017:02:04:17 +0900] "POST /light_web/selectMenu.do HTTP/1.1" 200 1488
192.168.0.1 - - [05/Apr/2017:02:04:17 +0900] "POST /light_web/selectReview.do HTTP/1.1" 200 1732
192.168.0.1 - - [05/Apr/2017:02:04:17 +0900] "GET /light_web/menu/1.jpg HTTP/1.1" 200 995000
192.168.0.1 - - [05/Apr/2017:02:04:17 +0900] "POST /light_web/selectEvent.do HTTP/1.1" 200 1131
192.168.0.1 - - [05/Apr/2017:02:04:18 +0900] "GET /light_web/menu/2.jpg HTTP/1.1" 200 49805
192.168.0.1 - - [05/Apr/2017:02:04:18 +0900] "GET /light_web/menu/3.jpg HTTP/1.1" 200 52675
192.168.0.1 - - [05/Apr/2017:02:04:18 +0900] "GET /light_web/menu/1123.jpg HTTP/1.1" 404 1093
192.168.0.1 - - [05/Apr/2017:02:04:18 +0900] "GET /light_web/menu/1123.jpg HTTP/1.1" 404 1093
192.168.0.1 - - [05/Apr/2017:02:04:18 +0900] "GET /light_web/menu/1123.jpg HTTP/1.1" 404 1093
192.168.0.1 - - [05/Apr/2017:02:04:18 +0900] "GET /light_web/menu/1123.jpg HTTP/1.1" 404 1093
192.168.0.1 - - [05/Apr/2017:02:04:18 +0900] "GET /light_web/member/12.jpg HTTP/1.1" 200 44350
192.168.0.1 - - [05/Apr/2017:02:04:18 +0900] "GET /light_web/review/2.jpg HTTP/1.1" 200 224677
192.168.0.1 - - [05/Apr/2017:02:04:18 +0900] "GET /light_web/member/13.jpg HTTP/1.1" 200 37046
192.168.0.1 - - [05/Apr/2017:02:04:18 +0900] "GET /light_web/review/1.jpg HTTP/1.1" 200 179340
192.168.0.1 - - [05/Apr/2017:02:04:18 +0900] "GET /light_web/member/14.jpg HTTP/1.1" 200 129540
192.168.0.1 - - [05/Apr/2017:02:04:18 +0900] "GET /light_web/review/1123.jpg HTTP/1.1" 200 57840
192.168.0.1 - - [05/Apr/2017:02:04:18 +0900] "GET /light_web/member/14.jpg HTTP/1.1" 200 129540
192.168.0.1 - - [05/Apr/2017:02:04:18 +0900] "GET /light_web/member/14.jpg HTTP/1.1" 200 129540
192.168.0.1 - - [05/Apr/2017:02:04:18 +0900] "GET /light_web/member/14.jpg HTTP/1.1" 200 129540
192.168.0.1 - - [05/Apr/2017:02:04:18 +0900] "GET /light_web/event/1.jpg HTTP/1.1" 200 995000
192.168.0.1 - - [05/Apr/2017:02:04:19 +0900] "GET /light_web/event/2.jpg HTTP/1.1" 200 49805
192.168.0.1 - - [05/Apr/2017:02:04:19 +0900] "GET /light_web/event/3.jpg HTTP/1.1" 200 52675
192.168.0.1 - - [05/Apr/2017:02:04:19 +0900] "GET /light_web/event/1123.jpg HTTP/1.1" 200 57840
192.168.0.1 - - [05/Apr/2017:02:04:44 +0900] "POST /light_web/selectRestaurant.do HTTP/1.1" 200 272
192.168.0.1 - - [05/Apr/2017:02:04:44 +0900] "GET /light_web/restaurant/food.jpg HTTP/1.1" 200 240831
192.168.0.1 - - [05/Apr/2017:02:04:44 +0900] "POST /light_web/selectMenu.do HTTP/1.1" 200 1488
192.168.0.1 - - [05/Apr/2017:02:04:44 +0900] "POST /light_web/selectReview.do HTTP/1.1" 200 1732
192.168.0.1 - - [05/Apr/2017:02:04:44 +0900] "GET /light_web/menu/1.jpg HTTP/1.1" 200 995000
192.168.0.1 - - [05/Apr/2017:02:04:44 +0900] "POST /light_web/selectEvent.do HTTP/1.1" 200 1131
192.168.0.1 - - [05/Apr/2017:02:04:44 +0900] "GET /light_web/menu/2.jpg HTTP/1.1" 200 49805
192.168.0.1 - - [05/Apr/2017:02:04:44 +0900] "GET /light_web/menu/3.jpg HTTP/1.1" 200 52675
192.168.0.1 - - [05/Apr/2017:02:04:44 +0900] "GET /light_web/menu/1123.jpg HTTP/1.1" 404 1093
192.168.0.1 - - [05/Apr/2017:02:04:44 +0900] "GET /light_web/menu/1123.jpg HTTP/1.1" 404 1093
192.168.0.1 - - [05/Apr/2017:02:04:44 +0900] "GET /light_web/menu/1123.jpg HTTP/1.1" 404 1093
192.168.0.1 - - [05/Apr/2017:02:04:44 +0900] "GET /light_web/menu/1123.jpg HTTP/1.1" 404 1093
192.168.0.1 - - [05/Apr/2017:02:04:44 +0900] "GET /light_web/member/12.jpg HTTP/1.1" 200 44350
192.168.0.1 - - [05/Apr/2017:02:04:44 +0900] "GET /light_web/review/2.jpg HTTP/1.1" 200 224677
192.168.0.1 - - [05/Apr/2017:02:04:45 +0900] "GET /light_web/member/13.jpg HTTP/1.1" 200 37046
192.168.0.1 - - [05/Apr/2017:02:04:45 +0900] "GET /light_web/review/1.jpg HTTP/1.1" 200 179340
192.168.0.1 - - [05/Apr/2017:02:04:45 +0900] "GET /light_web/member/14.jpg HTTP/1.1" 200 129540
192.168.0.1 - - [05/Apr/2017:02:04:45 +0900] "GET /light_web/review/1123.jpg HTTP/1.1" 200 57840
192.168.0.1 - - [05/Apr/2017:02:04:45 +0900] "GET /light_web/member/14.jpg HTTP/1.1" 200 129540
192.168.0.1 - - [05/Apr/2017:02:04:45 +0900] "GET /light_web/member/14.jpg HTTP/1.1" 200 129540
192.168.0.1 - - [05/Apr/2017:02:04:45 +0900] "GET /light_web/member/14.jpg HTTP/1.1" 200 129540
192.168.0.1 - - [05/Apr/2017:02:04:45 +0900] "GET /light_web/event/1.jpg HTTP/1.1" 200 995000
192.168.0.1 - - [05/Apr/2017:02:04:45 +0900] "GET /light_web/event/2.jpg HTTP/1.1" 200 49805
192.168.0.1 - - [05/Apr/2017:02:04:45 +0900] "GET /light_web/event/3.jpg HTTP/1.1" 200 52675
192.168.0.1 - - [05/Apr/2017:02:04:45 +0900] "GET /light_web/event/1123.jpg HTTP/1.1" 200 57840
192.168.0.1 - - [05/Apr/2017:02:05:37 +0900] "POST /light_web/selectRestaurant.do HTTP/1.1" 200 272
192.168.0.1 - - [05/Apr/2017:02:05:37 +0900] "GET /light_web/restaurant/food.jpg HTTP/1.1" 200 240831
192.168.0.1 - - [05/Apr/2017:02:05:37 +0900] "POST /light_web/selectMenu.do HTTP/1.1" 200 1488
192.168.0.1 - - [05/Apr/2017:02:05:37 +0900] "POST /light_web/selectReview.do HTTP/1.1" 200 1732
192.168.0.1 - - [05/Apr/2017:02:05:37 +0900] "GET /light_web/menu/1.jpg HTTP/1.1" 200 995000
192.168.0.1 - - [05/Apr/2017:02:05:37 +0900] "POST /light_web/selectEvent.do HTTP/1.1" 200 1131
192.168.0.1 - - [05/Apr/2017:02:05:38 +0900] "GET /light_web/menu/2.jpg HTTP/1.1" 200 49805
192.168.0.1 - - [05/Apr/2017:02:05:38 +0900] "GET /light_web/menu/3.jpg HTTP/1.1" 200 52675
192.168.0.1 - - [05/Apr/2017:02:05:38 +0900] "GET /light_web/menu/1123.jpg HTTP/1.1" 404 1093
192.168.0.1 - - [05/Apr/2017:02:05:38 +0900] "GET /light_web/menu/1123.jpg HTTP/1.1" 404 1093
192.168.0.1 - - [05/Apr/2017:02:05:38 +0900] "GET /light_web/menu/1123.jpg HTTP/1.1" 404 1093
192.168.0.1 - - [05/Apr/2017:02:05:38 +0900] "GET /light_web/menu/1123.jpg HTTP/1.1" 404 1093
192.168.0.1 - - [05/Apr/2017:02:05:38 +0900] "GET /light_web/member/12.jpg HTTP/1.1" 200 44350
192.168.0.1 - - [05/Apr/2017:02:05:38 +0900] "GET /light_web/review/2.jpg HTTP/1.1" 200 224677
192.168.0.1 - - [05/Apr/2017:02:05:38 +0900] "GET /light_web/member/13.jpg HTTP/1.1" 200 37046
192.168.0.1 - - [05/Apr/2017:02:05:38 +0900] "GET /light_web/review/1.jpg HTTP/1.1" 200 179340
192.168.0.1 - - [05/Apr/2017:02:05:38 +0900] "GET /light_web/member/14.jpg HTTP/1.1" 200 129540
192.168.0.1 - - [05/Apr/2017:02:05:39 +0900] "GET /light_web/review/1123.jpg HTTP/1.1" 200 57840
192.168.0.1 - - [05/Apr/2017:02:05:39 +0900] "GET /light_web/member/14.jpg HTTP/1.1" 200 129540
192.168.0.1 - - [05/Apr/2017:02:05:39 +0900] "GET /light_web/member/14.jpg HTTP/1.1" 200 129540
192.168.0.1 - - [05/Apr/2017:02:05:39 +0900] "GET /light_web/member/14.jpg HTTP/1.1" 200 129540
192.168.0.1 - - [05/Apr/2017:02:05:39 +0900] "GET /light_web/event/1.jpg HTTP/1.1" 200 995000
192.168.0.1 - - [05/Apr/2017:02:05:39 +0900] "GET /light_web/event/2.jpg HTTP/1.1" 200 49805
192.168.0.1 - - [05/Apr/2017:02:05:39 +0900] "GET /light_web/event/3.jpg HTTP/1.1" 200 52675
192.168.0.1 - - [05/Apr/2017:02:05:39 +0900] "GET /light_web/event/1123.jpg HTTP/1.1" 200 57840
192.168.0.1 - - [05/Apr/2017:02:06:08 +0900] "POST /light_web/selectRestaurant.do HTTP/1.1" 200 272
192.168.0.1 - - [05/Apr/2017:02:06:08 +0900] "GET /light_web/restaurant/food.jpg HTTP/1.1" 200 240831
192.168.0.1 - - [05/Apr/2017:02:06:08 +0900] "POST /light_web/selectMenu.do HTTP/1.1" 200 1476
192.168.0.1 - - [05/Apr/2017:02:06:08 +0900] "POST /light_web/selectReview.do HTTP/1.1" 200 1732
192.168.0.1 - - [05/Apr/2017:02:06:08 +0900] "GET /light_web/menu/1.jpg HTTP/1.1" 200 995000
192.168.0.1 - - [05/Apr/2017:02:06:08 +0900] "POST /light_web/selectEvent.do HTTP/1.1" 200 1131
192.168.0.1 - - [05/Apr/2017:02:06:09 +0900] "GET /light_web/menu/2.jpg HTTP/1.1" 200 49805
